// Jest Snapshot v1, https://goo.gl/fbAQLP

exports[`CoursesPanel no courses snapshot 1`] = `
<div
  className="course-list-container"
>
  <div
    className="course-list-heading-container"
  >
    <h2
      className="course-list-title"
    >
      Mis cursos
    </h2>
  </div>
  <NoCoursesViewSlot />
</div>
`;

exports[`CoursesPanel with courses snapshot 1`] = `
<div
  className="course-list-container"
>
  <div
    className="course-list-heading-container"
  >
    <h2
      className="course-list-title"
    >
      Mis cursos
    </h2>
    <span
      aria-live="polite"
      className="course-list-count"
    >
      Mostrando 0 de 0
    </span>
  </div>
  <Fragment>
    <div
      className="course-list-controls-bar"
    >
      <Form.Group
        className="course-search-control"
      >
        <Form.Control
          className="course-search-input"
          onChange={[Function]}
          placeholder="Buscar curso"
          value=""
        />
      </Form.Group>
      <div
        className="course-filter-controls-container"
      >
        <CourseFilterControls />
      </div>
    </div>
    <p
      className="mb-0"
    >
      No se encontraron cursos
    </p>
  </Fragment>
</div>
`;
